// Jest Snapshot v1, https://goo.gl/fbAQLP

exports[`renders homepage unchanged 1`] = `
<div>
  <main
    class="main"
  >
    <img
      height="30"
      src="/images/loader.gif"
    />
  </main>
</div>
`;
